<html>
<body>
<pre>
<h1>µVision Build Log</h1>
<h2>Tool Versions:</h2>
IDE-Version: µVision V5.23.0.0
Copyright (C) 2017 ARM Ltd and ARM Germany GmbH. All rights reserved.
License Information: w w, be, LIC=NHY8T-RDLA4-PF5IX-H8FP9-3NT0C-7DAJJ
 
Tool Versions:
Toolchain:       MDK-ARM Professional  Version: 5.23
Toolchain Path:  C:\Keil_v5\ARM\ARMCC\Bin
C Compiler:      Armcc.exe V5.06 update 4 (build 422)
Assembler:       Armasm.exe V5.06 update 4 (build 422)
Linker/Locator:  ArmLink.exe V5.06 update 4 (build 422)
Library Manager: ArmAr.exe V5.06 update 4 (build 422)
Hex Converter:   FromElf.exe V5.06 update 4 (build 422)
CPU DLL:         
Dialog DLL:      
Target DLL:      Segger\JL2CM3.dll V2.99.23.0
Dialog DLL:      TCM.DLL V1.27.0.0
 
<h2>Project:</h2>
D:\Wayne\Work\nRF52\nRF5_SDK_15.0.0_a53641a\Work\EUPedalSensor\PedalSensorServer\pca10040\s132\arm5_no_packs\PedalSensorServer.uvprojx
Project File Date:  09/07/2018

<h2>Output:</h2>
*** Using Compiler 'V5.06 update 4 (build 422)', folder: 'C:\Keil_v5\ARM\ARMCC\Bin'
Rebuild target 'nrf52832_xxaa'
compiling nrfparsr.c...
compiling armRF.c...
compiling posbuf.c...
compiling doscmd.c...
compiling qdecmain.c...
compiling sadcmain.c...
compiling nvram.c...
..\..\..\nvram.c(156): warning:  #177-D: variable "p_nvram_code"  was declared but never referenced
  	nvinfo_t *p_nvram_code = (nvinfo_t *)NVRAM_ADDRESS;
..\..\..\nvram.c: 1 warning, 0 errors
compiling winbuf.c...
compiling main.c...
..\..\..\main.c(831): warning:  #1035-D: single-precision operand implicitly converted to double-precision
  					digit = 4.1 - (float)(i&0x3f)/10.0;
..\..\..\main.c(832): warning:  #1035-D: single-precision operand implicitly converted to double-precision
  					bat_reading = 
olt2Digit(digit);
..\..\..\main.c(841): warning:  #223-D: function "get_qdec_report_count" declared implicitly
  				
RF_LOG_INFO ("qdec_report_count=%d", get_qdec_report_count());
..\..\..\main.c(842): warning:  #223-D: function "set_qdec_report_count" declared implicitly
  				set_qdec_report_count (0);
..\..\..\main.c(129): warning:  #550-D: variable "chrv"  was set but never used
  static uint8_t chrv;
..\..\..\main.c(607): warning:  #177-D: function "uart_init"  was declared but never referenced
  static void uart_init(void)
..\..\..\main.c(701): warning:  #177-D: function "log_init"  was declared but never referenced
  static void log_init(void)
..\..\..\main.c: 7 warnings, 0 errors
compiling qenc.c...
compiling boards.c...
compiling low_power_pwm.c...
..\..\..\low_power_pwm.c(59): warning:  #223-D: function "KeepOnPedaling" declared implicitly
  	if ( !KeepOnPedaling() ) 
..\..\..\low_power_pwm.c: 1 warning, 0 errors
compiling indicator.c...
compiling bsp.c...
compiling climain.c...
..\..\..\climain.c(108): warning:  #177-D: variable "m_dummy_record"  was declared but never referenced
  static fds_record_t const m_dummy_record =
..\..\..\climain.c: 1 warning, 0 errors
compiling cli.c...
compiling bsp_btn_ble.c...
compiling ble_srv_common.c...
compiling ble_link_ctx_manager.c...
compiling ble_advdata.c...
compiling ble_advertising.c...
compiling ble_conn_params.c...
compiling ble_conn_state.c...
compiling nrf_ble_gatt.c...
compiling nrf_ble_qwr.c...
compiling ble_nus.c...
compiling nrfx_clock.c...
compiling nrf_drv_uart.c...
compiling nrfx_power_clock.c...
compiling nrf_drv_clock.c...
compiling nrfx_gpiote.c...
compiling nrf_drv_ppi.c...
compiling nrfx_qdec.c...
compiling nrfx_prs.c...
compiling nrfx_uart.c...
compiling nrfx_ppi.c...
compiling nrfx_saadc.c...
compiling nrfx_uarte.c...
compiling app_error.c...
compiling app_error_handler_keil.c...
compiling app_fifo.c...
compiling app_scheduler.c...
compiling app_error_weak.c...
compiling app_button.c...
compiling nrfx_timer.c...
compiling app_util_platform.c...
compiling hardfault_implementation.c...
compiling nrf_assert.c...
compiling nrf_atflags.c...
compiling nrf_atfifo.c...
compiling nrf_balloc.c...
compiling app_timer.c...
compiling app_uart_fifo.c...
compiling nrf_fprintf.c...
compiling nrf_atomic.c...
compiling nrf_fprintf_format.c...
compiling nrf_strerror.c...
compiling nrf_section_iter.c...
compiling nrf_fstorage.c...
compiling nrf_fstorage_sd.c...
compiling nrf_memobj.c...
compiling nrf_pwr_mgmt.c...
compiling crc16.c...
compiling retarget.c...
compiling nrf_ringbuf.c...
compiling nrf_queue.c...
compiling fds.c...
compiling nrf_cli_uart.c...
compiling nrf_log_backend_rtt.c...
compiling nrf_log_default_backends.c...
compiling nrf_log_str_formatter.c...
compiling SEGGER_RTT_Syscalls_KEIL.c...
compiling nrf_log_backend_serial.c...
compiling nrf_cli.c...
compiling nrf_log_frontend.c...
assembling arm_startup_nrf52.s...
compiling system_nrf52.c...
compiling SEGGER_RTT_printf.c...
compiling SEGGER_RTT.c...
compiling nrf_sdh_soc.c...
compiling nrf_sdh.c...
compiling nrf_sdh_ble.c...
compiling nrf_log_backend_uart.c...
linking...
Program Size: Code=62868 RO-data=8344 RW-data=828 ZI-data=12788  
FromELF: creating hex file...
".\_build\nrf52832_xxaa.axf" - 0 Error(s), 10 Warning(s).

<h2>Software Packages used:</h2>

Package Vendor: ARM
                http://www.keil.com/pack/ARM.CMSIS.4.5.0.pack
                ARM::CMSIS:CORE:4.3.0
                CMSIS (Cortex Microcontroller Software Interface Standard)
   * Component: CORE Version: 4.3.0

Package Vendor: NordicSemiconductor
                http://developer.nordicsemi.com/nRF5_SDK/pieces/nRF_DeviceFamilyPack/NordicSemiconductor.nRF_DeviceFamilyPack.8.16.0.pack
                NordicSemiconductor::Device:Startup:8.16.0
                Nordic Semiconductor nRF ARM devices Device Family Pack.
   * Component: Startup Version: 8.16.0

<h2>Collection of Component include folders:</h2>
  .\RTE\_nrf52832_xxaa
  C:\Keil_v5\ARM\PACK\ARM\CMSIS\4.5.0\CMSIS\Include
  C:\Keil_v5\ARM\PACK\NordicSemiconductor\nRF_DeviceFamilyPack\8.16.0\Device\Include
  C:\Keil_v5\ARM\PACK\NordicSemiconductor\nRF_DeviceFamilyPack\8.17.0\Device\Include

<h2>Collection of Component Files used:</h2>

   * Component: ARM::CMSIS:CORE:4.3.0

   * Component: NordicSemiconductor::Device:Startup:8.16.0
      Source file:   Device\Source\arm\arm_startup_nrf52.s
      Source file:   Device\Source\system_nrf52.c
      Include file:  Device\Include\system_nrf52.h
Build Time Elapsed:  00:00:38
</pre>
</body>
</html>
